// Jest Snapshot v1, https://goo.gl/fbAQLP

exports[`folder-mutations with existing world with authenticated user create image no permission 1`] = `
Object {
  "data": Object {
    "createImage": Object {
      "_id": Any<String>,
    },
  },
  "errors": undefined,
  "extensions": undefined,
  "http": Object {
    "headers": Headers {
      Symbol(map): Object {},
    },
  },
}
`;

exports[`folder-mutations with existing world with unauthenticated user create image no permission 1`] = `
Object {
  "data": Object {
    "createImage": Object {
      "_id": Any<String>,
    },
  },
  "errors": undefined,
  "extensions": undefined,
  "http": Object {
    "headers": Headers {
      Symbol(map): Object {},
    },
  },
}
`;
